[INFO] Scanning for projects...
[INFO] 
[INFO] -------------------< com.yatranow:yatranow-backend >--------------------
[INFO] Building YatraNow 1.0.0
[INFO]   from pom.xml
[INFO] --------------------------------[ jar ]---------------------------------
[INFO] 
[INFO] >>> spring-boot:3.2.2:run (default-cli) > test-compile @ yatranow-backend >>>
[INFO] 
[INFO] --- resources:3.3.1:resources (default-resources) @ yatranow-backend ---
[INFO] Copying 1 resource from src\main\resources to target\classes
[INFO] Copying 0 resource from src\main\resources to target\classes
[INFO] 
[INFO] --- compiler:3.11.0:compile (default-compile) @ yatranow-backend ---
[INFO] Nothing to compile - all classes are up to date
[INFO] 
[INFO] --- resources:3.3.1:testResources (default-testResources) @ yatranow-backend ---
[INFO] skip non existing resourceDirectory c:\Users\sures\OneDrive\Documents\Desktop\YatraNow - Backend\src\test\resources
[INFO] 
[INFO] --- compiler:3.11.0:testCompile (default-testCompile) @ yatranow-backend ---
[INFO] No sources to compile
[INFO] 
[INFO] <<< spring-boot:3.2.2:run (default-cli) < test-compile @ yatranow-backend <<<
[INFO] 
[INFO] 
[INFO] --- spring-boot:3.2.2:run (default-cli) @ yatranow-backend ---
[INFO] Attaching agents: []

  .   ____          _            __ _ _
 /\\ / ___'_ __ _ _(_)_ __  __ _ \ \ \ \
( ( )\___ | '_ | '_| | '_ \/ _` | \ \ \ \
 \\/  ___)| |_)| | | | | || (_| |  ) ) ) )
  '  |____| .__|_| |_|_| |_\__, | / / / /
 =========|_|==============|___/=/_/_/_/
 :: Spring Boot ::                (v3.2.2)

2026-02-25 19:51:15 - Starting YatraNowApplication using Java 17.0.16 with PID 5880 (C:\Users\sures\OneDrive\Documents\Desktop\YatraNow - Backend\target\classes started by sures in c:\Users\sures\OneDrive\Documents\Desktop\YatraNow - Backend)
2026-02-25 19:51:15 - Running with Spring Boot v3.2.2, Spring v6.1.3
2026-02-25 19:51:15 - No active profile set, falling back to 1 default profile: "default"
2026-02-25 19:51:18 - Bootstrapping Spring Data JPA repositories in DEFAULT mode.
2026-02-25 19:51:18 - Finished Spring Data repository scanning in 178 ms. Found 9 JPA repository interfaces.
2026-02-25 19:51:20 - Tomcat initialized with port 9090 (http)
2026-02-25 19:51:20 - Starting service [Tomcat]
2026-02-25 19:51:20 - Starting Servlet engine: [Apache Tomcat/10.1.18]
2026-02-25 19:51:21 - Initializing Spring embedded WebApplicationContext
2026-02-25 19:51:21 - Root WebApplicationContext: initialization completed in 5135 ms
2026-02-25 19:51:21 - Filter 'jwtAuthenticationFilter' configured for use
2026-02-25 19:51:21 - HHH000204: Processing PersistenceUnitInfo [name: default]
2026-02-25 19:51:21 - HHH000412: Hibernate ORM core version 6.4.1.Final
2026-02-25 19:51:21 - HHH000026: Second-level cache disabled
2026-02-25 19:51:22 - No LoadTimeWeaver setup: ignoring JPA class transformer
2026-02-25 19:51:22 - HikariPool-1 - Starting...
2026-02-25 19:51:22 - HikariPool-1 - Added connection com.mysql.cj.jdbc.ConnectionImpl@2a0963be
2026-02-25 19:51:22 - HikariPool-1 - Start completed.
2026-02-25 19:51:23 - HHH90000025: MySQLDialect does not need to be specified explicitly using 'hibernate.dialect' (remove the property setting and it will be selected by default)
2026-02-25 19:51:24 - HHH000489: No JTA platform available (set 'hibernate.transaction.jta.platform' to enable JTA platform integration)
2026-02-25 19:51:24 - Initialized JPA EntityManagerFactory for persistence unit 'default'
2026-02-25 19:51:26 - Hibernate is in classpath; If applicable, HQL parser will be used.
Hibernate: 
    select
        count(*) 
    from
        admins a1_0
Hibernate: 
    select
        count(*) 
    from
        routes r1_0
Hibernate: 
    select
        count(*) 
    from
        schedules s1_0
Database seeding check completed.
2026-02-25 19:51:27 - spring.jpa.open-in-view is enabled by default. Therefore, database queries may be performed during view rendering. Explicitly configure spring.jpa.open-in-view to disable this warning
2026-02-25 19:51:27 - 

Using generated security password: 555877fd-a434-44de-af05-a656e2d92f11

This generated password is for development use only. Your security configuration must be updated before running your application in production.

2026-02-25 19:51:27 - Will secure any request with [org.springframework.security.web.session.DisableEncodeUrlFilter@23043ba, org.springframework.security.web.context.request.async.WebAsyncManagerIntegrationFilter@1088b120, org.springframework.security.web.context.SecurityContextHolderFilter@7e38f55, org.springframework.security.web.header.HeaderWriterFilter@598b15ba, org.springframework.web.filter.CorsFilter@6b4133d0, org.springframework.security.web.authentication.logout.LogoutFilter@74de1e9d, com.yatranow.security.JwtAuthenticationFilter@64dae3b7, org.springframework.security.web.savedrequest.RequestCacheAwareFilter@67253518, org.springframework.security.web.servletapi.SecurityContextHolderAwareRequestFilter@2db55dec, org.springframework.security.web.authentication.AnonymousAuthenticationFilter@4ebefe31, org.springframework.security.web.session.SessionManagementFilter@1c6ab85, org.springframework.security.web.access.ExceptionTranslationFilter@4eef2522, org.springframework.security.web.access.intercept.AuthorizationFilter@5ee4aad3]
2026-02-25 19:51:28 - Tomcat started on port 9090 (http) with context path ''
2026-02-25 19:51:28 - Started YatraNowApplication in 14.325 seconds (process running for 16.877)
2026-02-25 19:51:28 - Checking Admin account configuration...
Hibernate: 
    select
        a1_0.id,
        a1_0.email,
        a1_0.name,
        a1_0.password,
        a1_0.role 
    from
        admins a1_0 
    where
        a1_0.email=?
2026-02-25 19:51:28 - Default admin (suresh@gmail.com) exists. Updating password to ensure sync.
Hibernate: 
    select
        a1_0.id,
        a1_0.email,
        a1_0.name,
        a1_0.password,
        a1_0.role 
    from
        admins a1_0 
    where
        a1_0.id=?
Hibernate: 
    update
        admins 
    set
        email=?,
        name=?,
        password=?,
        role=? 
    where
        id=?
Hibernate: 
    select
        a1_0.id,
        a1_0.email,
        a1_0.name,
        a1_0.password,
        a1_0.role 
    from
        admins a1_0
2026-02-25 19:51:28 - Admin configuration completed. Default admin is ready.
